
> frontend@0.0.0 build
> tsc -b && vite build

src/pages/EvaluationPage.tsx(4,24): error TS6133: 'Star' is declared but its value is never read.
src/pages/EvaluationPage.tsx(5,5): error TS6133: 'Info' is declared but its value is never read.
src/pages/EvaluationPage.tsx(6,5): error TS6133: 'Building2' is declared but its value is never read.
src/pages/EvaluationPage.tsx(8,18): error TS6133: 'AnimatePresence' is declared but its value is never read.
src/pages/HRDashboard.tsx(5,27): error TS6133: 'Building2' is declared but its value is never read.
src/pages/LoginPage.tsx(133,54): error TS2353: Object literal may only specify known properties, and 'shadow' does not exist in type 'string[] | TargetAndTransition'.
src/pages/StudentDashboard.tsx(7,31): error TS6133: 'Activity' is declared but its value is never read.
